      <div class="bug-wrap">
        <div class="bug-header">
          <div class="bug-header-title">BUG REPORT — relationship_v17.build</div>
          <div class="bug-header-meta">
            Filed by: me<br>
            Date: date 17<br>
            Status: actively ignoring most of these
          </div>
        </div>
        <div class="bug-item">
          <div class="bug-id">BUG #001 — SEVERITY: HIGH</div>
          <div class="bug-title">Always tease me and ragebait me.</div>
          <div class="bug-desc">Unprompted, will say something that breaks me. No warning. No patch available. Side effects include: looking embarrassing in public, laughing until my stomach hurts.</div>
          <div class="bug-status status-wontfix">Won't fix, It's fun being with her</div>
        </div>
        <div class="bug-item">
          <div class="bug-id">BUG #002 — SEVERITY: MEDIUM</div>
          <div class="bug-title">Says "I'm fine." but not really fine.</div>
          <div class="bug-desc">Always act fine even when shes obviously not fine. Workaround implemented: wait. She'll process, My Aki needs some time. She'll be back, always. Respect the cycle.</div>
          <div class="bug-status status-known">Known issue — accepted</div>
        </div>
        <div class="bug-item">
          <div class="bug-id">BUG #003 — SEVERITY: CRITICAL</div>
          <div class="bug-title">Makes me fall harder with no apparent effort on her part. EVERYSINGLE SECONDS</div>
          <div class="bug-desc">Mwehehe, I just fall in love with you deeper and deeper my Aki. Possibly it's the laugh. Possibly her eyes. Possibly the way she makes me feel. Possibly all of it.</div>
          <div class="bug-status status-wontfix">Won't fix. Enjoying it.</div>
        </div>
        <div class="bug-item">
          <div class="bug-id">BUG #004 — SEVERITY: LOW</div>
          <div class="bug-title">Avoids big emotions. Avoidant.</div>
          <div class="bug-desc">She would push away. That's okay. I'm not trying to force her open. Just letting her know she is safe with me. I would always be here.</div>
          <div class="bug-status status-working">Working as intended</div>
        </div>
        <div class="bug-footer">
          // summary: none of these are actually bugs. they're features.<br>
          // would not trade a single one. I love everything about you.
        </div>
      </div>
    
